<p>This is a test
file.</p>
<p>Test <strong>file <em>this</em> is</strong>.</p>
