<p>This is a test
file.</p>
<p>Это
проверочный
файл.</p>
